    Updating git repository `https://github.com/ToyOSOrg/cpal`
    Updating git repository `https://github.com/ToyOSOrg/getrandom`
    Updating git repository `https://github.com/ToyOSOrg/getrandom`
    Updating git repository `https://github.com/ToyOSOrg/getrandom`
    Updating git repository `https://github.com/ToyOSOrg/mio`
    Updating git repository `https://github.com/ToyOSOrg/raw-window-handle`
    Updating git repository `https://github.com/ToyOSOrg/russh`
    Updating git repository `https://github.com/ToyOSOrg/socket2`
    Updating git repository `https://github.com/ToyOSOrg/softbuffer`
    Updating git repository `https://github.com/ToyOSOrg/tokio`
    Updating git repository `https://github.com/ToyOSOrg/winit`
    Updating crates.io index
    Blocking waiting for file lock on package cache
 Downloading crates ...
  Downloaded rgb v0.8.53
  Downloaded pico-args v0.5.0
  Downloaded arrayref v0.3.9
  Downloaded siphasher v1.0.2
  Downloaded float-cmp v0.9.0
  Downloaded xmlwriter v0.1.0
  Downloaded imagesize v0.14.0
  Downloaded arrayvec v0.7.8
  Downloaded data-url v0.3.2
  Downloaded fdeflate v0.3.7
  Downloaded simplecss v0.2.2
  Downloaded strict-num v0.1.1
  Downloaded svgtypes v0.16.1
  Downloaded tiny-skia-path v0.12.0
  Downloaded roxmltree v0.21.1
  Downloaded miniz_oxide v0.8.9
  Downloaded resvg v0.47.0
  Downloaded base64 v0.22.1
  Downloaded euclid v0.22.13
  Downloaded png v0.18.1
  Downloaded kurbo v0.13.0
  Downloaded usvg v0.47.0
  Downloaded tiny-skia v0.12.0
    Blocking waiting for file lock on package cache
    Checking simd-adler32 v0.3.10
    Checking adler2 v2.0.1
   Compiling crc32fast v1.5.0
    Checking cfg-if v1.0.4
    Checking float-cmp v0.9.0
    Checking arrayvec v0.7.8
    Checking miniz_oxide v0.9.1
    Checking bytemuck v1.25.0
    Checking strict-num v0.1.1
    Checking smallvec v1.15.1
    Checking arrayref v0.3.9
    Checking toyos-abi v0.16.0 (/home/user/toyos-handlesend/toyos-abi)
    Checking log v0.4.29
    Checking tiny-skia-path v0.12.0
    Checking flate2 v1.1.10
    Checking kurbo v0.13.0
    Checking miniz_oxide v0.8.9
    Checking fdeflate v0.3.7
    Checking bitflags v2.11.0
    Checking siphasher v1.0.2
    Checking memchr v2.8.0
    Checking simplecss v0.2.2
    Checking png v0.18.1
    Checking svgtypes v0.16.1
    Checking data-url v0.3.2
    Checking xmlwriter v0.1.0
    Checking roxmltree v0.21.1
    Checking pico-args v0.5.0
    Checking base64 v0.22.1
    Checking imagesize v0.14.0
    Checking rgb v0.8.53
    Checking tiny-skia v0.12.0
    Checking toyos v0.18.0 (/home/user/toyos-handlesend/toyos)
    Checking usvg v0.47.0
    Checking toyos-font v0.2.0 (/home/user/toyos-handlesend/userland/toyos-font)
    Checking toyos-keymap v0.1.0 (/home/user/toyos-handlesend/toyos-keymap)
    Checking toyos-desktop v0.1.0 (/home/user/toyos-handlesend/userland/compositor/desktop)
    Checking toyos-window v0.20.0 (/home/user/toyos-handlesend/userland/toyos-window)
    Checking toyos-manifest v0.1.0 (/home/user/toyos-handlesend/toyos-manifest)
    Checking toyos-inspect v0.1.0 (/home/user/toyos-handlesend/toyos-inspect)
    Checking resvg v0.47.0
    Checking sprite v0.1.0 (/home/user/toyos-handlesend/userland/sprite)
    Checking compositor v0.1.0 (/home/user/toyos-handlesend/userland/compositor)
    Finished `dev` profile [unoptimized + debuginfo] target(s) in 17.35s
