   Compiling toyos-manifest v0.1.0 (/home/user/toyos-sessionshares/toyos-manifest)
    Finished `test` profile [optimized + debuginfo] target(s) in 0.79s
     Running unittests src/lib.rs (target/debug/deps/toyos_manifest-450ec998143aef4f)

running 24 tests
test launch::tests::a_sessions_launches_spend_its_one_share ... ok
test launch::tests::an_authority_reads_back_as_written ... ok
test launch::tests::a_caller_starts_what_its_row_lists_and_swap_and_update_only_in_a_login_session ... ok
test launch::tests::nothing_listed_is_nothing_started_and_apps_names_no_row ... ok
test launch::tests::what_encode_cannot_have_written_is_refused ... ok
test package::tests::a_field_that_is_not_one_is_refused_by_name ... ok
test package::tests::a_launch_path_names_one_package_or_none ... ok
test package::tests::a_listing_shows_only_what_the_supervisor_would_start_and_never_more_than_the_bound ... ok
test package::tests::a_manifest_cannot_name_a_binary_outside_its_own_directory ... ok
test package::tests::a_path_the_normalizer_would_change_is_not_canonical_and_classifies_as_nothing ... ok
test package::tests::what_a_shell_resolves_is_what_the_launcher_accepts ... ok
test package::tests::what_the_installer_writes_is_what_the_supervisor_reads ... ok
test tests::a_device_class_name_is_the_abi_s ... ok
test tests::a_name_that_would_not_survive_the_round_trip_is_refused ... ok
test tests::a_package_row_is_connectors_and_nothing_else ... ok
test tests::a_role_is_one_of_the_three_and_its_directories_are_fixed ... ok
test tests::a_row_that_serves_a_port_and_is_no_service_is_refused ... ok
test tests::a_service_s_home_is_its_state_and_every_other_row_s_the_session_s ... ok
test tests::a_syscap_set_always_carries_transfer_and_never_an_invented_right ... ok
test tests::logread_carries_both_halves_of_reading_a_stream_that_never_blocks ... ok
test tests::records_attach_to_the_program_above_them ... ok
test tests::the_process_roster_is_its_own_name_and_its_own_bit ... ok
test tests::the_same_manifest_renders_to_the_same_bytes ... ok
test tests::what_the_build_writes_is_what_the_supervisor_reads ... ok

test result: ok. 24 passed; 0 failed; 0 ignored; 0 measured; 0 filtered out; finished in 0.00s

   Doc-tests toyos_manifest

running 0 tests

test result: ok. 0 passed; 0 failed; 0 ignored; 0 measured; 0 filtered out; finished in 0.00s

